Nguồn dữ liệu: ảnh thật trong C:\Users\fpt\K4-Track4-Day04-Bachanglinhngulam-Sensor-Reality-Sprint\data\images (12 ảnh, 256x96 px, giữ nguyên độ phân giải)
python 3.11.9, opencv 4.7.0, numpy 1.26.4, seed=0

== Trung bình theo điều kiện (so với baseline) ==
    cond  level  param  blur_score  sat_ratio  entropy  mean_gray  orb_kp  noise_sigma  blur_norm  streak_ratio  d_blur_score_%  d_blur_norm_%  d_noise_sigma_%  d_streak_ratio_%
baseline      0      0       717.7   0.001512     6.74      64.39     196        1.959     0.1725       0.04726               0              0        -1.11e-14                 0
    blur      1      1       547.8   0.001441    6.723      64.39   175.8        1.618     0.1316        0.0406          -23.68         -23.72            -17.4             -14.1
    blur      2      2       90.97   0.001272    6.651       64.4   86.67       0.4459    0.02174        0.0143          -87.33          -87.4           -77.23            -69.74
    blur      3      4       12.87  0.0009664    6.568       64.4   12.83       0.2862   0.003054     0.0006985          -98.21         -98.23           -85.39            -98.52
    blur      4      8       2.636  0.0004001    6.445       64.4       0       0.2653  0.0006397             0          -99.63         -99.63           -86.46              -100
   night      1    0.6       259.9          0    5.997      38.27   75.92        1.227     0.1769       0.01802          -63.79          2.531           -37.36            -61.88
   night      2   0.35       89.37          0    5.243      22.09   15.25       0.7594     0.1827      0.003259          -87.55          5.914           -61.23            -93.11
   night      3    0.2       30.14          0    4.431      12.43   2.083       0.4852     0.1949     0.0002238           -95.8          12.94           -75.22            -99.53
   night      4    0.1       8.447          0     3.46      6.118       0       0.3032     0.2261             0          -98.82          31.02           -84.52              -100
   glare      1     60       715.1    0.01276     7.09      95.34   195.2        2.003    0.07826       0.04709         -0.3606         -54.64            2.269           -0.3731
   glare      2    120       686.7    0.04778    7.342      125.6   196.8         1.95    0.04328        0.0463          -4.316         -74.92          -0.4113            -2.052
   glare      3    180       587.4    0.08652    7.442      154.1   181.1        1.846    0.02454       0.04119          -18.15         -85.78           -5.742            -12.85
   glare      4    255       391.6     0.2702      6.6      183.6   93.83        1.331     0.0115       0.02727          -45.44         -93.34           -32.04             -42.3
   noise      1      5       942.8   0.001214      6.8      63.94   207.4        4.201      0.231       0.05067           31.36          33.87            114.5             7.196
   noise      2     10        1607  0.0009121    6.882      63.96   259.5        7.215     0.3959       0.07241             124          129.4            268.4              53.2
   noise      3     20        4127   0.000807    7.031      64.16   426.4        13.37      1.014        0.2056             475          487.8            582.8             335.1
   noise      4     40   1.255e+04  0.0008952    7.254       66.2   655.4        24.57      2.891        0.3812            1649           1576             1154             706.4
    rain      1    200       774.1   0.001424    6.781      65.38   214.8        2.003     0.1809       0.06137           7.862          4.837             2.28             29.84
    rain      2    600       884.1   0.001512    6.855      67.35   246.5        2.093     0.1949       0.08844           23.19          12.97            6.878             87.11
    rain      3   1200        1035   0.001509    6.945      70.23   287.2        2.225     0.2105        0.1243           44.14          21.98            13.59             162.9
    rain      4   2400        1279   0.001211    7.089      75.62   358.8        2.452     0.2249        0.1795           78.19          30.32            25.22             279.7

== LUẬT CŨ (tỷ lệ frame bị gắn cờ, mọi ảnh, in-sample). Ngưỡng: blur_score < 350.8; mean_gray < 32.6; sat_ratio > 0.05 ==
    cond  level  param  flag_blur  flag_dark  flag_glare  flag_any
baseline      0      0          0          0           0         0
    blur      1      1    0.08333          0           0   0.08333
    blur      2      2          1          0           0         1
    blur      3      4          1          0           0         1
    blur      4      8          1          0           0         1
   night      1    0.6     0.8333          0           0    0.8333
   night      2   0.35          1          1           0         1
   night      3    0.2          1          1           0         1
   night      4    0.1          1          1           0         1
   glare      1     60          0          0           0         0
   glare      2    120          0          0      0.4167    0.4167
   glare      3    180          0          0      0.8333    0.8333
   glare      4    255     0.3333          0           1         1
   noise      1      5          0          0           0         0
   noise      2     10          0          0           0         0
   noise      3     20          0          0           0         0
   noise      4     40          0          0           0         0
    rain      1    200          0          0           0         0
    rain      2    600          0          0           0         0
    rain      3   1200          0          0           0         0
    rain      4   2400          0          0           0         0

== LUẬT MỚI (tỷ lệ cờ trên ảnh TEST 6..11; ngưỡng hiệu chuẩn trên baseline ảnh 0..5). Ngưỡng: blur_norm < 0.08986; mean_gray < 33.3; sat_ratio > 0.05; noise_sigma > 3.90 (= 2.0 x median 1.95); streak_ratio > 0.1044 (= 2.0 x median) và không có cờ nhiễu ==
    cond  level  param  flag_blur  flag_dark  flag_glare  flag_noise  flag_rain  flag_any
baseline      0      0          0          0           0           0          0         0
    blur      1      1          0          0           0           0          0         0
    blur      2      2          1          0           0           0          0         1
    blur      3      4          1          0           0           0          0         1
    blur      4      8          1          0           0           0          0         1
   night      1    0.6          0          0           0           0          0         0
   night      2   0.35          0          1           0           0          0         1
   night      3    0.2          0          1           0           0          0         1
   night      4    0.1          0          1           0           0          0         1
   glare      1     60          1          0           0           0          0         1
   glare      2    120          1          0      0.6667           0          0         1
   glare      3    180          1          0      0.8333           0          0         1
   glare      4    255          1          0           1           0          0         1
   noise      1      5          0          0           0           1          0         1
   noise      2     10          0          0           0           1          0         1
   noise      3     20          0          0           0           1          0         1
   noise      4     40          0          0           0           1          0         1
    rain      1    200          0          0           0           0          0         0
    rain      2    600          0          0           0           0          0         0
    rain      3   1200          0          0           0           0          1         1
    rain      4   2400          0          0           0           0          1         1

== So sánh tỷ lệ cờ cũ vs mới trên ảnh test ==
    cond  level  param  old_blur  old_any  new_blur  new_noise  new_rain  new_any
baseline      0      0         0        0         0          0         0        0
    blur      1      1    0.1667   0.1667         0          0         0        0
    blur      2      2         1        1         1          0         0        1
    blur      3      4         1        1         1          0         0        1
    blur      4      8         1        1         1          0         0        1
   night      1    0.6         1        1         0          0         0        0
   night      2   0.35         1        1         0          0         0        1
   night      3    0.2         1        1         0          0         0        1
   night      4    0.1         1        1         0          0         0        1
   glare      1     60         0        0         1          0         0        1
   glare      2    120         0   0.6667         1          0         0        1
   glare      3    180         0   0.8333         1          0         0        1
   glare      4    255       0.5        1         1          0         0        1
   noise      1      5         0        0         0          1         0        1
   noise      2     10         0        0         0          1         0        1
   noise      3     20         0        0         0          1         0        1
   noise      4     40         0        0         0          1         0        1
    rain      1    200         0        0         0          0         0        0
    rain      2    600         0        0         0          0         0        0
    rain      3   1200         0        0         0          0         1        1
    rain      4   2400         0        0         0          0         1        1

== Latency (ms/frame, ảnh 256x96, CPU Intel64 Family 6 Model 165 Stepping 2, GenuineIntel) ==
      metric  ms_per_frame_mean  ms_per_frame_max
  blur_score             0.1144            0.1233
   sat_ratio            0.03088           0.03209
     entropy             0.0437           0.04728
   mean_gray            0.02281           0.02936
      orb_kp             0.4686            0.5432
 noise_sigma              0.121             0.161
   blur_norm             0.1363             0.146
streak_ratio            0.05452           0.06857
